Last updated: Thu Mar  5 12:54:46 UTC 2026
Last updated: Fri Mar  6 12:50:26 UTC 2026
Last updated: Sat Mar  7 12:40:19 UTC 2026
Last updated: Sun Mar  8 12:42:05 UTC 2026
Last updated: Mon Mar  9 12:56:43 UTC 2026
Last updated: Tue Mar 10 12:54:39 UTC 2026
Last updated: Wed Mar 11 12:54:27 UTC 2026
Last updated: Thu Mar 12 12:54:05 UTC 2026
Last updated: Fri Mar 13 12:53:05 UTC 2026
Last updated: Sat Mar 14 12:43:56 UTC 2026
Last updated: Sun Mar 15 12:46:07 UTC 2026
Last updated: Mon Mar 16 13:05:01 UTC 2026
Last updated: Tue Mar 17 13:05:39 UTC 2026
Last updated: Wed Mar 18 13:04:51 UTC 2026
Last updated: Thu Mar 19 12:58:54 UTC 2026
Last updated: Fri Mar 20 12:54:06 UTC 2026
Last updated: Sat Mar 21 12:41:51 UTC 2026
Last updated: Sun Mar 22 12:43:54 UTC 2026
Last updated: Mon Mar 23 13:01:12 UTC 2026
Last updated: Tue Mar 24 13:05:54 UTC 2026
Last updated: Wed Mar 25 13:03:20 UTC 2026
Last updated: Thu Mar 26 13:08:47 UTC 2026
Last updated: Fri Mar 27 13:00:02 UTC 2026
Last updated: Sat Mar 28 12:49:47 UTC 2026
Last updated: Sun Mar 29 12:50:25 UTC 2026
Last updated: Mon Mar 30 13:13:12 UTC 2026
Last updated: Tue Mar 31 13:11:49 UTC 2026
Last updated: Wed Apr  1 13:15:36 UTC 2026
Last updated: Thu Apr  2 13:06:41 UTC 2026
Last updated: Fri Apr  3 12:58:07 UTC 2026
Last updated: Sat Apr  4 12:50:11 UTC 2026
Last updated: Sun Apr  5 12:52:23 UTC 2026
Last updated: Mon Apr  6 13:03:53 UTC 2026
Last updated: Tue Apr  7 13:13:29 UTC 2026
Last updated: Wed Apr  8 13:15:15 UTC 2026
Last updated: Thu Apr  9 13:20:53 UTC 2026
Last updated: Fri Apr 10 13:03:13 UTC 2026
Last updated: Sat Apr 11 12:51:56 UTC 2026
Last updated: Sun Apr 12 12:55:53 UTC 2026
Last updated: Mon Apr 13 13:20:43 UTC 2026
Last updated: Tue Apr 14 13:19:29 UTC 2026
Last updated: Wed Apr 15 13:19:04 UTC 2026
Last updated: Thu Apr 16 13:24:12 UTC 2026
Last updated: Fri Apr 17 13:13:02 UTC 2026
Last updated: Sat Apr 18 12:56:26 UTC 2026
Last updated: Sun Apr 19 12:55:43 UTC 2026
Last updated: Mon Apr 20 13:23:43 UTC 2026
Last updated: Tue Apr 21 13:19:38 UTC 2026
Last updated: Wed Apr 22 13:20:50 UTC 2026
Last updated: Thu Apr 23 13:22:07 UTC 2026
Last updated: Fri Apr 24 13:17:26 UTC 2026
Last updated: Sat Apr 25 12:58:36 UTC 2026
Last updated: Sun Apr 26 13:00:12 UTC 2026
Last updated: Mon Apr 27 13:45:56 UTC 2026
Last updated: Tue Apr 28 13:58:50 UTC 2026
